// Jest Snapshot v1, https://goo.gl/fbAQLP

exports[`CookieBanner should be displayed if no cookies are set 1`] = `
ShallowWrapper {
  "length": 1,
  Symbol(enzyme.__root__): [Circular],
  Symbol(enzyme.__unrendered__): <CookieBanner
    buttonMessage="Got it"
    cookie="accepts-cookies"
    cookieExpiration={
      Object {
        "years": 1,
      }
    }
    cookies={
      Cookies {
        "HAS_DOCUMENT_COOKIE": true,
        "cookies": Object {},
        "hooks": undefined,
      }
    }
    dismissOnScroll={true}
    dismissOnScrollThreshold={0}
    message="cookie message"
    onAccept={[Function]}
    styles={Object {}}
  />,
  Symbol(enzyme.__renderer__): Object {
    "batchedUpdates": [Function],
    "getNode": [Function],
    "render": [Function],
    "simulateEvent": [Function],
    "unmount": [Function],
  },
  Symbol(enzyme.__node__): Object {
    "instance": null,
    "key": undefined,
    "nodeType": "class",
    "props": Object {
      "buttonMessage": "Got it",
      "className": undefined,
      "closeIcon": undefined,
      "disableStyle": undefined,
      "link": undefined,
      "message": "cookie message",
      "onAccept": [Function],
      "styles": Object {},
    },
    "ref": null,
    "rendered": null,
    "type": [Function],
  },
  Symbol(enzyme.__nodes__): Array [
    Object {
      "instance": null,
      "key": undefined,
      "nodeType": "class",
      "props": Object {
        "buttonMessage": "Got it",
        "className": undefined,
        "closeIcon": undefined,
        "disableStyle": undefined,
        "link": undefined,
        "message": "cookie message",
        "onAccept": [Function],
        "styles": Object {},
      },
      "ref": null,
      "rendered": null,
      "type": [Function],
    },
  ],
  Symbol(enzyme.__options__): Object {
    "adapter": ReactSixteenAdapter {
      "options": Object {
        "enableComponentDidUpdateOnSetState": true,
      },
    },
  },
}
`;

exports[`build build script generates every needed file 1`] = `
Array [
  "BannerContent.d.ts",
  "BannerContent.js",
  "CookieBanner.d.ts",
  "CookieBanner.js",
  "CookieBannerUniversal.d.ts",
  "CookieBannerUniversal.js",
  "index.d.ts",
  "index.js",
  "styleUtils.d.ts",
  "styleUtils.js",
]
`;
